0 verbose cli /usr/bin/node /usr/bin/npm
1 info using npm@10.8.2
2 info using node@v20.20.2
3 silly config load:file:/usr/lib/node_modules/npm/npmrc
4 silly config load:file:/home/user/server/.npmrc
5 silly config load:file:/home/user/.npmrc
6 silly config load:file:/usr/etc/npmrc
7 verbose title npm install
8 verbose argv "install"
9 verbose logfile logs-max:10 dir:/home/user/.npm/_logs/2026-09-17T08_43_04_036Z-
10 verbose logfile /home/user/.npm/_logs/2026-09-17T08_43_04_036Z-debug-0.log
11 silly packumentCache heap:998768640 maxSize:249692160 maxEntrySize:124846080
12 silly logfile done cleaning log files
13 silly idealTree buildDeps
14 silly fetch manifest express@^4.18.2
15 silly packumentCache full:https://registry.npmjs.org/express cache-miss
16 http fetch GET 200 https://registry.npmjs.org/express 97ms (cache miss)
17 silly packumentCache full:https://registry.npmjs.org/express set size:undefined disposed:false
18 silly fetch manifest cors@^2.8.5
19 silly packumentCache full:https://registry.npmjs.org/cors cache-miss
20 http fetch GET 200 https://registry.npmjs.org/npm 181ms
21 http fetch GET 200 https://registry.npmjs.org/cors 45ms (cache miss)
22 silly packumentCache full:https://registry.npmjs.org/cors set size:undefined disposed:false
23 silly fetch manifest dotenv@^16.3.1
24 silly packumentCache full:https://registry.npmjs.org/dotenv cache-miss
25 http fetch GET 200 https://registry.npmjs.org/dotenv 41ms (cache miss)
26 silly packumentCache full:https://registry.npmjs.org/dotenv set size:undefined disposed:false
27 silly fetch manifest gtfs-realtime-bindings@^1.2.0
28 silly packumentCache full:https://registry.npmjs.org/gtfs-realtime-bindings cache-miss
29 http fetch GET 200 https://registry.npmjs.org/gtfs-realtime-bindings 29ms (cache miss)
30 silly packumentCache full:https://registry.npmjs.org/gtfs-realtime-bindings set size:undefined disposed:false
31 silly fetch manifest axios@^1.6.0
32 silly packumentCache full:https://registry.npmjs.org/axios cache-miss
33 http fetch GET 200 https://registry.npmjs.org/axios 49ms (cache miss)
34 silly packumentCache full:https://registry.npmjs.org/axios set size:undefined disposed:false
35 silly fetch manifest node-cache@^5.1.2
36 silly packumentCache full:https://registry.npmjs.org/node-cache cache-miss
37 http fetch GET 200 https://registry.npmjs.org/node-cache 31ms (cache miss)
38 silly packumentCache full:https://registry.npmjs.org/node-cache set size:undefined disposed:false
39 silly fetch manifest morgan@^1.10.0
40 silly packumentCache full:https://registry.npmjs.org/morgan cache-miss
41 http fetch GET 200 https://registry.npmjs.org/morgan 31ms (cache miss)
42 silly packumentCache full:https://registry.npmjs.org/morgan set size:undefined disposed:false
43 silly fetch manifest compression@^1.7.4
44 silly packumentCache full:https://registry.npmjs.org/compression cache-miss
45 http fetch GET 200 https://registry.npmjs.org/compression 28ms (cache miss)
46 silly packumentCache full:https://registry.npmjs.org/compression set size:undefined disposed:false
47 silly placeDep ROOT axios@1.20.0 OK for: dakar-mobilite-gtfs-proxy@2.0.0 want: ^1.6.0
48 silly placeDep ROOT compression@1.8.2 OK for: dakar-mobilite-gtfs-proxy@2.0.0 want: ^1.7.4
49 silly placeDep ROOT cors@2.8.6 OK for: dakar-mobilite-gtfs-proxy@2.0.0 want: ^2.8.5
50 silly placeDep ROOT dotenv@16.6.1 OK for: dakar-mobilite-gtfs-proxy@2.0.0 want: ^16.3.1
51 silly placeDep ROOT express@4.22.3 OK for: dakar-mobilite-gtfs-proxy@2.0.0 want: ^4.18.2
52 silly placeDep ROOT gtfs-realtime-bindings@ OK for: dakar-mobilite-gtfs-proxy@2.0.0 want: ^1.2.0
53 silly placeDep ROOT morgan@1.12.1 OK for: dakar-mobilite-gtfs-proxy@2.0.0 want: ^1.10.0
54 silly placeDep ROOT node-cache@5.1.2 OK for: dakar-mobilite-gtfs-proxy@2.0.0 want: ^5.1.2
55 silly fetch manifest form-data@^4.0.6
56 silly packumentCache full:https://registry.npmjs.org/form-data cache-miss
57 http fetch GET 200 https://registry.npmjs.org/form-data 34ms (cache miss)
58 silly packumentCache full:https://registry.npmjs.org/form-data set size:undefined disposed:false
59 silly fetch manifest proxy-from-env@^2.1.0
60 silly packumentCache full:https://registry.npmjs.org/proxy-from-env cache-miss
61 http fetch GET 200 https://registry.npmjs.org/proxy-from-env 24ms (cache miss)
62 silly packumentCache full:https://registry.npmjs.org/proxy-from-env set size:undefined disposed:false
63 silly fetch manifest follow-redirects@^1.16.0
64 silly packumentCache full:https://registry.npmjs.org/follow-redirects cache-miss
65 http fetch GET 200 https://registry.npmjs.org/follow-redirects 46ms (cache miss)
66 silly packumentCache full:https://registry.npmjs.org/follow-redirects set size:undefined disposed:false
67 silly fetch manifest https-proxy-agent@^5.0.1
68 silly packumentCache full:https://registry.npmjs.org/https-proxy-agent cache-miss
69 http fetch GET 200 https://registry.npmjs.org/https-proxy-agent 27ms (cache miss)
70 silly packumentCache full:https://registry.npmjs.org/https-proxy-agent set size:undefined disposed:false
71 silly fetch manifest vary@~1.1.2
72 silly packumentCache full:https://registry.npmjs.org/vary cache-miss
73 http fetch GET 200 https://registry.npmjs.org/vary 30ms (cache miss)
74 silly packumentCache full:https://registry.npmjs.org/vary set size:undefined disposed:false
75 silly fetch manifest bytes@3.1.2
76 silly packumentCache full:https://registry.npmjs.org/bytes cache-miss
77 http fetch GET 200 https://registry.npmjs.org/bytes 26ms (cache miss)
78 silly packumentCache full:https://registry.npmjs.org/bytes set size:undefined disposed:false
79 silly fetch manifest debug@2.6.9
80 silly packumentCache full:https://registry.npmjs.org/debug cache-miss
81 http fetch GET 200 https://registry.npmjs.org/debug 35ms (cache miss)
82 silly packumentCache full:https://registry.npmjs.org/debug set size:undefined disposed:false
83 silly fetch manifest destroy@1.2.0
84 silly packumentCache full:https://registry.npmjs.org/destroy cache-miss
85 http fetch GET 200 https://registry.npmjs.org/destroy 26ms (cache miss)
86 silly packumentCache full:https://registry.npmjs.org/destroy set size:undefined disposed:false
87 silly fetch manifest negotiator@~0.6.4
88 silly packumentCache full:https://registry.npmjs.org/negotiator cache-miss
89 http fetch GET 200 https://registry.npmjs.org/negotiator 33ms (cache miss)
90 silly packumentCache full:https://registry.npmjs.org/negotiator set size:undefined disposed:false
91 silly fetch manifest on-headers@~1.1.0
92 silly packumentCache full:https://registry.npmjs.org/on-headers cache-miss
93 http fetch GET 200 https://registry.npmjs.org/on-headers 26ms (cache miss)
94 silly packumentCache full:https://registry.npmjs.org/on-headers set size:undefined disposed:false
95 silly fetch manifest safe-buffer@5.2.1
96 silly packumentCache full:https://registry.npmjs.org/safe-buffer cache-miss
97 http fetch GET 200 https://registry.npmjs.org/safe-buffer 30ms (cache miss)
98 silly packumentCache full:https://registry.npmjs.org/safe-buffer set size:undefined disposed:false
99 silly fetch manifest compressible@~2.0.18
100 silly packumentCache full:https://registry.npmjs.org/compressible cache-miss
101 http fetch GET 200 https://registry.npmjs.org/compressible 25ms (cache miss)
102 silly packumentCache full:https://registry.npmjs.org/compressible set size:undefined disposed:false
103 silly fetch manifest object-assign@^4
104 silly packumentCache full:https://registry.npmjs.org/object-assign cache-miss
105 http fetch GET 200 https://registry.npmjs.org/object-assign 31ms (cache miss)
106 silly packumentCache full:https://registry.npmjs.org/object-assign set size:undefined disposed:false
107 silly fetch manifest vary@^1
108 silly packumentCache full:https://registry.npmjs.org/vary cache-miss
109 http fetch GET 200 https://registry.npmjs.org/vary 4ms (cache hit)
110 silly packumentCache full:https://registry.npmjs.org/vary set size:15994 disposed:false
111 silly fetch manifest qs@~6.16.0
112 silly packumentCache full:https://registry.npmjs.org/qs cache-miss
113 http fetch GET 200 https://registry.npmjs.org/qs 38ms (cache miss)
114 silly packumentCache full:https://registry.npmjs.org/qs set size:undefined disposed:false
115 silly fetch manifest depd@2.0.0
116 silly packumentCache full:https://registry.npmjs.org/depd cache-miss
117 http fetch GET 200 https://registry.npmjs.org/depd 32ms (cache miss)
118 silly packumentCache full:https://registry.npmjs.org/depd set size:undefined disposed:false
119 silly fetch manifest etag@~1.8.1
120 silly packumentCache full:https://registry.npmjs.org/etag cache-miss
121 http fetch GET 200 https://registry.npmjs.org/etag 34ms (cache miss)
122 silly packumentCache full:https://registry.npmjs.org/etag set size:undefined disposed:false
123 silly fetch manifest send@~0.19.0
124 silly packumentCache full:https://registry.npmjs.org/send cache-miss
125 http fetch GET 200 https://registry.npmjs.org/send 36ms (cache miss)
126 silly packumentCache full:https://registry.npmjs.org/send set size:undefined disposed:false
127 silly fetch manifest fresh@~0.5.2
128 silly packumentCache full:https://registry.npmjs.org/fresh cache-miss
129 http fetch GET 200 https://registry.npmjs.org/fresh 22ms (cache miss)
130 silly packumentCache full:https://registry.npmjs.org/fresh set size:undefined disposed:false
131 silly fetch manifest cookie@~0.7.1
132 silly packumentCache full:https://registry.npmjs.org/cookie cache-miss
133 http fetch GET 200 https://registry.npmjs.org/cookie 32ms (cache miss)
134 silly packumentCache full:https://registry.npmjs.org/cookie set size:undefined disposed:false
135 silly fetch manifest accepts@~1.3.8
136 silly packumentCache full:https://registry.npmjs.org/accepts cache-miss
137 http fetch GET 200 https://registry.npmjs.org/accepts 29ms (cache miss)
138 silly packumentCache full:https://registry.npmjs.org/accepts set size:undefined disposed:false
139 silly fetch manifest methods@~1.1.2
140 silly packumentCache full:https://registry.npmjs.org/methods cache-miss
141 http fetch GET 200 https://registry.npmjs.org/methods 31ms (cache miss)
142 silly packumentCache full:https://registry.npmjs.org/methods set size:undefined disposed:false
143 silly fetch manifest type-is@~1.6.18
144 silly packumentCache full:https://registry.npmjs.org/type-is cache-miss
145 http fetch GET 200 https://registry.npmjs.org/type-is 27ms (cache miss)
146 silly packumentCache full:https://registry.npmjs.org/type-is set size:undefined disposed:false
147 silly fetch manifest parseurl@~1.3.3
148 silly packumentCache full:https://registry.npmjs.org/parseurl cache-miss
149 http fetch GET 200 https://registry.npmjs.org/parseurl 32ms (cache miss)
150 silly packumentCache full:https://registry.npmjs.org/parseurl set size:undefined disposed:false
151 silly fetch manifest statuses@~2.0.1
152 silly packumentCache full:https://registry.npmjs.org/statuses cache-miss
153 http fetch GET 200 https://registry.npmjs.org/statuses 25ms (cache miss)
154 silly packumentCache full:https://registry.npmjs.org/statuses set size:undefined disposed:false
155 silly fetch manifest encodeurl@~2.0.0
156 silly packumentCache full:https://registry.npmjs.org/encodeurl cache-miss
157 http fetch GET 200 https://registry.npmjs.org/encodeurl 36ms (cache miss)
158 silly packumentCache full:https://registry.npmjs.org/encodeurl set size:undefined disposed:false
159 silly fetch manifest proxy-addr@~2.0.7
160 silly packumentCache full:https://registry.npmjs.org/proxy-addr cache-miss
161 http fetch GET 200 https://registry.npmjs.org/proxy-addr 25ms (cache miss)
162 silly packumentCache full:https://registry.npmjs.org/proxy-addr set size:undefined disposed:false
163 silly fetch manifest body-parser@~1.20.5
164 silly packumentCache full:https://registry.npmjs.org/body-parser cache-miss
165 http fetch GET 200 https://registry.npmjs.org/body-parser 39ms (cache miss)
166 silly packumentCache full:https://registry.npmjs.org/body-parser set size:undefined disposed:false
167 silly fetch manifest escape-html@~1.0.3
168 silly packumentCache full:https://registry.npmjs.org/escape-html cache-miss
169 http fetch GET 200 https://registry.npmjs.org/escape-html 24ms (cache miss)
170 silly packumentCache full:https://registry.npmjs.org/escape-html set size:undefined disposed:false
171 silly fetch manifest http-errors@~2.0.0
172 silly packumentCache full:https://registry.npmjs.org/http-errors cache-miss
173 http fetch GET 200 https://registry.npmjs.org/http-errors 35ms (cache miss)
174 silly packumentCache full:https://registry.npmjs.org/http-errors set size:undefined disposed:false
175 silly fetch manifest on-finished@~2.4.1
176 silly packumentCache full:https://registry.npmjs.org/on-finished cache-miss
177 http fetch GET 200 https://registry.npmjs.org/on-finished 25ms (cache miss)
178 silly packumentCache full:https://registry.npmjs.org/on-finished set size:undefined disposed:false
179 silly fetch manifest utils-merge@1.0.1
180 silly packumentCache full:https://registry.npmjs.org/utils-merge cache-miss
181 http fetch GET 200 https://registry.npmjs.org/utils-merge 30ms (cache miss)
182 silly packumentCache full:https://registry.npmjs.org/utils-merge set size:undefined disposed:false
183 silly fetch manifest content-type@~1.0.4
184 silly packumentCache full:https://registry.npmjs.org/content-type cache-miss
185 http fetch GET 200 https://registry.npmjs.org/content-type 27ms (cache miss)
186 silly packumentCache full:https://registry.npmjs.org/content-type set size:undefined disposed:false
187 silly fetch manifest finalhandler@~1.3.1
188 silly packumentCache full:https://registry.npmjs.org/finalhandler cache-miss
189 http fetch GET 200 https://registry.npmjs.org/finalhandler 32ms (cache miss)
190 silly packumentCache full:https://registry.npmjs.org/finalhandler set size:undefined disposed:false
191 silly fetch manifest range-parser@~1.2.1
192 silly packumentCache full:https://registry.npmjs.org/range-parser cache-miss
193 http fetch GET 200 https://registry.npmjs.org/range-parser 31ms (cache miss)
194 silly packumentCache full:https://registry.npmjs.org/range-parser set size:undefined disposed:false
195 silly fetch manifest serve-static@~1.16.2
196 silly packumentCache full:https://registry.npmjs.org/serve-static cache-miss
197 http fetch GET 200 https://registry.npmjs.org/serve-static 34ms (cache miss)
198 silly packumentCache full:https://registry.npmjs.org/serve-static set size:undefined disposed:false
199 silly fetch manifest array-flatten@1.1.1
200 silly packumentCache full:https://registry.npmjs.org/array-flatten cache-miss
201 http fetch GET 200 https://registry.npmjs.org/array-flatten 22ms (cache miss)
202 silly packumentCache full:https://registry.npmjs.org/array-flatten set size:undefined disposed:false
203 silly fetch manifest path-to-regexp@~0.1.13
204 silly packumentCache full:https://registry.npmjs.org/path-to-regexp cache-miss
205 http fetch GET 200 https://registry.npmjs.org/path-to-regexp 35ms (cache miss)
206 silly packumentCache full:https://registry.npmjs.org/path-to-regexp set size:undefined disposed:false
207 silly fetch manifest setprototypeof@1.2.0
208 silly packumentCache full:https://registry.npmjs.org/setprototypeof cache-miss
209 http fetch GET 200 https://registry.npmjs.org/setprototypeof 26ms (cache miss)
210 silly packumentCache full:https://registry.npmjs.org/setprototypeof set size:undefined disposed:false
211 silly fetch manifest cookie-signature@~1.0.6
212 silly packumentCache full:https://registry.npmjs.org/cookie-signature cache-miss
213 http fetch GET 200 https://registry.npmjs.org/cookie-signature 32ms (cache miss)
214 silly packumentCache full:https://registry.npmjs.org/cookie-signature set size:undefined disposed:false
215 silly fetch manifest merge-descriptors@1.0.3
216 silly packumentCache full:https://registry.npmjs.org/merge-descriptors cache-miss
217 http fetch GET 200 https://registry.npmjs.org/merge-descriptors 21ms (cache miss)
218 silly packumentCache full:https://registry.npmjs.org/merge-descriptors set size:undefined disposed:false
219 silly fetch manifest content-disposition@~0.5.4
220 silly packumentCache full:https://registry.npmjs.org/content-disposition cache-miss
221 http fetch GET 200 https://registry.npmjs.org/content-disposition 32ms (cache miss)
222 silly packumentCache full:https://registry.npmjs.org/content-disposition set size:undefined disposed:false
223 silly fetch manifest depd@~2.0.0
224 silly packumentCache full:https://registry.npmjs.org/depd cache-miss
225 http fetch GET 200 https://registry.npmjs.org/depd 2ms (cache hit)
226 silly packumentCache full:https://registry.npmjs.org/depd set size:40182 disposed:false
227 silly fetch manifest basic-auth@~2.0.1
228 silly packumentCache full:https://registry.npmjs.org/basic-auth cache-miss
229 http fetch GET 200 https://registry.npmjs.org/basic-auth 24ms (cache miss)
230 silly packumentCache full:https://registry.npmjs.org/basic-auth set size:undefined disposed:false
231 silly fetch manifest clone@2.x
232 silly packumentCache full:https://registry.npmjs.org/clone cache-miss
233 http fetch GET 200 https://registry.npmjs.org/clone 33ms (cache miss)
234 silly packumentCache full:https://registry.npmjs.org/clone set size:undefined disposed:false
235 silly placeDep ROOT follow-redirects@1.16.0 OK for: axios@1.20.0 want: ^1.16.0
236 silly placeDep ROOT form-data@4.0.6 OK for: axios@1.20.0 want: ^4.0.6
237 silly placeDep ROOT https-proxy-agent@5.0.1 OK for: axios@1.20.0 want: ^5.0.1
238 silly placeDep ROOT proxy-from-env@2.1.0 OK for: axios@1.20.0 want: ^2.1.0
239 silly fetch manifest hasown@^2.0.4
240 silly packumentCache full:https://registry.npmjs.org/hasown cache-miss
241 http fetch GET 200 https://registry.npmjs.org/hasown 24ms (cache miss)
242 silly packumentCache full:https://registry.npmjs.org/hasown set size:undefined disposed:false
243 silly fetch manifest asynckit@^0.4.0
244 silly packumentCache full:https://registry.npmjs.org/asynckit cache-miss
245 http fetch GET 200 https://registry.npmjs.org/asynckit 31ms (cache miss)
246 silly packumentCache full:https://registry.npmjs.org/asynckit set size:undefined disposed:false
247 silly fetch manifest mime-types@^2.1.35
248 silly packumentCache full:https://registry.npmjs.org/mime-types cache-miss
249 http fetch GET 200 https://registry.npmjs.org/mime-types 28ms (cache miss)
250 silly packumentCache full:https://registry.npmjs.org/mime-types set size:undefined disposed:false
251 silly fetch manifest combined-stream@^1.0.8
252 silly packumentCache full:https://registry.npmjs.org/combined-stream cache-miss
253 http fetch GET 200 https://registry.npmjs.org/combined-stream 28ms (cache miss)
254 silly packumentCache full:https://registry.npmjs.org/combined-stream set size:undefined disposed:false
255 silly fetch manifest es-set-tostringtag@^2.1.0
256 silly packumentCache full:https://registry.npmjs.org/es-set-tostringtag cache-miss
257 http fetch GET 200 https://registry.npmjs.org/es-set-tostringtag 37ms (cache miss)
258 silly packumentCache full:https://registry.npmjs.org/es-set-tostringtag set size:undefined disposed:false
259 silly fetch manifest debug@4
260 silly packumentCache full:https://registry.npmjs.org/debug cache-miss
261 http fetch GET 200 https://registry.npmjs.org/debug 3ms (cache hit)
262 silly packumentCache full:https://registry.npmjs.org/debug set size:195840 disposed:false
263 silly fetch manifest agent-base@6
264 silly packumentCache full:https://registry.npmjs.org/agent-base cache-miss
265 http fetch GET 200 https://registry.npmjs.org/agent-base 29ms (cache miss)
266 silly packumentCache full:https://registry.npmjs.org/agent-base set size:undefined disposed:false
267 silly placeDep ROOT bytes@3.1.2 OK for: compression@1.8.2 want: 3.1.2
268 silly placeDep ROOT compressible@2.0.18 OK for: compression@1.8.2 want: ~2.0.18
269 silly placeDep ROOT debug@2.6.9 OK for: compression@1.8.2 want: 2.6.9
270 silly placeDep ROOT destroy@1.2.0 OK for: compression@1.8.2 want: 1.2.0
271 silly placeDep ROOT negotiator@0.6.4 OK for: compression@1.8.2 want: ~0.6.4
272 silly placeDep ROOT on-headers@1.1.0 OK for: compression@1.8.2 want: ~1.1.0
273 silly placeDep ROOT safe-buffer@5.2.1 OK for: compression@1.8.2 want: 5.2.1
274 silly placeDep ROOT vary@1.1.2 OK for: compression@1.8.2 want: ~1.1.2
275 silly fetch manifest mime-db@>= 1.43.0 < 2
276 silly packumentCache full:https://registry.npmjs.org/mime-db cache-miss
277 http fetch GET 200 https://registry.npmjs.org/mime-db 27ms (cache miss)
278 silly packumentCache full:https://registry.npmjs.org/mime-db set size:undefined disposed:false
279 silly fetch manifest ms@2.0.0
280 silly packumentCache full:https://registry.npmjs.org/ms cache-miss
281 http fetch GET 200 https://registry.npmjs.org/ms 32ms (cache miss)
282 silly packumentCache full:https://registry.npmjs.org/ms set size:undefined disposed:false
283 silly placeDep ROOT mime-db@1.54.0 OK for: compressible@2.0.18 want: >= 1.43.0 < 2
284 silly placeDep ROOT object-assign@4.1.1 OK for: cors@2.8.6 want: ^4
285 silly placeDep ROOT ms@2.0.0 OK for: debug@2.6.9 want: 2.0.0
286 silly placeDep ROOT accepts@1.3.8 OK for: express@4.22.3 want: ~1.3.8
287 silly placeDep ROOT array-flatten@1.1.1 OK for: express@4.22.3 want: 1.1.1
288 silly placeDep ROOT body-parser@1.20.8 OK for: express@4.22.3 want: ~1.20.5
289 silly placeDep ROOT content-disposition@0.5.4 OK for: express@4.22.3 want: ~0.5.4
290 silly placeDep ROOT content-type@1.0.5 OK for: express@4.22.3 want: ~1.0.4
291 silly placeDep ROOT cookie@0.7.2 OK for: express@4.22.3 want: ~0.7.1
292 silly placeDep ROOT cookie-signature@1.0.7 OK for: express@4.22.3 want: ~1.0.6
293 silly placeDep ROOT depd@2.0.0 OK for: express@4.22.3 want: 2.0.0
294 silly placeDep ROOT encodeurl@2.0.0 OK for: express@4.22.3 want: ~2.0.0
295 silly placeDep ROOT escape-html@1.0.3 OK for: express@4.22.3 want: ~1.0.3
296 silly placeDep ROOT etag@1.8.1 OK for: express@4.22.3 want: ~1.8.1
297 silly placeDep ROOT finalhandler@1.3.2 OK for: express@4.22.3 want: ~1.3.1
298 silly placeDep ROOT fresh@0.5.2 OK for: express@4.22.3 want: ~0.5.2
299 silly placeDep ROOT http-errors@2.0.1 OK for: express@4.22.3 want: ~2.0.0
300 silly placeDep ROOT merge-descriptors@1.0.3 OK for: express@4.22.3 want: 1.0.3
301 silly placeDep ROOT methods@1.1.2 OK for: express@4.22.3 want: ~1.1.2
302 silly placeDep ROOT on-finished@2.4.1 OK for: express@4.22.3 want: ~2.4.1
303 silly placeDep ROOT parseurl@1.3.3 OK for: express@4.22.3 want: ~1.3.3
304 silly placeDep ROOT path-to-regexp@0.1.13 OK for: express@4.22.3 want: ~0.1.13
305 silly placeDep ROOT proxy-addr@2.0.8 OK for: express@4.22.3 want: ~2.0.7
306 silly placeDep ROOT qs@6.16.0 OK for: express@4.22.3 want: ~6.16.0
307 silly placeDep ROOT range-parser@1.2.1 OK for: express@4.22.3 want: ~1.2.1
308 silly placeDep ROOT send@0.19.2 OK for: express@4.22.3 want: ~0.19.0
309 silly placeDep ROOT serve-static@1.16.3 OK for: express@4.22.3 want: ~1.16.2
310 silly placeDep ROOT setprototypeof@1.2.0 OK for: express@4.22.3 want: 1.2.0
311 silly placeDep ROOT statuses@2.0.2 OK for: express@4.22.3 want: ~2.0.1
312 silly placeDep ROOT type-is@1.6.18 OK for: express@4.22.3 want: ~1.6.18
313 silly placeDep ROOT utils-merge@1.0.1 OK for: express@4.22.3 want: 1.0.1
314 silly fetch manifest mime-types@~2.1.34
315 silly packumentCache full:https://registry.npmjs.org/mime-types cache-miss
316 http fetch GET 200 https://registry.npmjs.org/mime-types 4ms (cache hit)
317 silly packumentCache full:https://registry.npmjs.org/mime-types set size:139110 disposed:false
318 silly fetch manifest negotiator@0.6.3
319 silly packumentCache full:https://registry.npmjs.org/negotiator cache-miss
320 http fetch GET 200 https://registry.npmjs.org/negotiator 2ms (cache hit)
321 silly packumentCache full:https://registry.npmjs.org/negotiator set size:56148 disposed:false
322 silly fetch manifest unpipe@~1.0.0
323 silly packumentCache full:https://registry.npmjs.org/unpipe cache-miss
324 http fetch GET 200 https://registry.npmjs.org/unpipe 26ms (cache miss)
325 silly packumentCache full:https://registry.npmjs.org/unpipe set size:undefined disposed:false
326 silly fetch manifest raw-body@~2.5.3
327 silly packumentCache full:https://registry.npmjs.org/raw-body cache-miss
328 http fetch GET 200 https://registry.npmjs.org/raw-body 37ms (cache miss)
329 silly packumentCache full:https://registry.npmjs.org/raw-body set size:undefined disposed:false
330 silly fetch manifest iconv-lite@~0.4.24
331 silly packumentCache full:https://registry.npmjs.org/iconv-lite cache-miss
332 http fetch GET 200 https://registry.npmjs.org/iconv-lite 27ms (cache miss)
333 silly packumentCache full:https://registry.npmjs.org/iconv-lite set size:undefined disposed:false
334 silly fetch manifest http-errors@~2.0.1
335 silly packumentCache full:https://registry.npmjs.org/http-errors cache-miss
336 http fetch GET 200 https://registry.npmjs.org/http-errors 4ms (cache hit)
337 silly packumentCache full:https://registry.npmjs.org/http-errors set size:71987 disposed:false
338 silly fetch manifest content-type@~1.0.5
339 silly packumentCache full:https://registry.npmjs.org/content-type cache-miss
340 http fetch GET 200 https://registry.npmjs.org/content-type 2ms (cache hit)
341 silly packumentCache full:https://registry.npmjs.org/content-type set size:26824 disposed:false
342 silly fetch manifest statuses@~2.0.2
343 silly packumentCache full:https://registry.npmjs.org/statuses cache-miss
344 http fetch GET 200 https://registry.npmjs.org/statuses 2ms (cache hit)
345 silly packumentCache full:https://registry.npmjs.org/statuses set size:37117 disposed:false
346 silly fetch manifest inherits@~2.0.4
347 silly packumentCache full:https://registry.npmjs.org/inherits cache-miss
348 http fetch GET 200 https://registry.npmjs.org/inherits 28ms (cache miss)
349 silly packumentCache full:https://registry.npmjs.org/inherits set size:undefined disposed:false
350 silly fetch manifest setprototypeof@~1.2.0
351 silly packumentCache full:https://registry.npmjs.org/setprototypeof cache-miss
352 http fetch GET 200 https://registry.npmjs.org/setprototypeof 3ms (cache hit)
353 silly packumentCache full:https://registry.npmjs.org/setprototypeof set size:14532 disposed:false
354 silly fetch manifest toidentifier@~1.0.1
355 silly packumentCache full:https://registry.npmjs.org/toidentifier cache-miss
356 http fetch GET 200 https://registry.npmjs.org/toidentifier 24ms (cache miss)
357 silly packumentCache full:https://registry.npmjs.org/toidentifier set size:undefined disposed:false
358 silly fetch manifest ee-first@1.1.1
359 silly packumentCache full:https://registry.npmjs.org/ee-first cache-miss
360 http fetch GET 200 https://registry.npmjs.org/ee-first 25ms (cache miss)
361 silly packumentCache full:https://registry.npmjs.org/ee-first set size:undefined disposed:false
362 silly fetch manifest forwarded@0.2.0
363 silly packumentCache full:https://registry.npmjs.org/forwarded cache-miss
364 http fetch GET 200 https://registry.npmjs.org/forwarded 36ms (cache miss)
365 silly packumentCache full:https://registry.npmjs.org/forwarded set size:undefined disposed:false
366 silly fetch manifest ipaddr.js@1.9.1
367 silly packumentCache full:https://registry.npmjs.org/ipaddr.js cache-miss
368 http fetch GET 200 https://registry.npmjs.org/ipaddr.js 32ms (cache miss)
369 silly packumentCache full:https://registry.npmjs.org/ipaddr.js set size:undefined disposed:false
370 silly fetch manifest side-channel@^1.1.1
371 silly packumentCache full:https://registry.npmjs.org/side-channel cache-miss
372 http fetch GET 200 https://registry.npmjs.org/side-channel 23ms (cache miss)
373 silly packumentCache full:https://registry.npmjs.org/side-channel set size:undefined disposed:false
374 silly fetch manifest es-define-property@^1.0.1
375 silly packumentCache full:https://registry.npmjs.org/es-define-property cache-miss
376 http fetch GET 200 https://registry.npmjs.org/es-define-property 26ms (cache miss)
377 silly packumentCache full:https://registry.npmjs.org/es-define-property set size:undefined disposed:false
378 silly fetch manifest ms@2.1.3
379 silly packumentCache full:https://registry.npmjs.org/ms cache-miss
380 http fetch GET 200 https://registry.npmjs.org/ms 2ms (cache hit)
381 silly packumentCache full:https://registry.npmjs.org/ms set size:92208 disposed:false
382 silly fetch manifest mime@1.6.0
383 silly packumentCache full:https://registry.npmjs.org/mime cache-miss
384 http fetch GET 200 https://registry.npmjs.org/mime 28ms (cache miss)
385 silly packumentCache full:https://registry.npmjs.org/mime set size:undefined disposed:false
386 silly fetch manifest mime-types@~2.1.24
387 silly packumentCache full:https://registry.npmjs.org/mime-types cache-hit
388 silly fetch manifest media-typer@0.3.0
389 silly packumentCache full:https://registry.npmjs.org/media-typer cache-miss
390 http fetch GET 200 https://registry.npmjs.org/media-typer 28ms (cache miss)
391 silly packumentCache full:https://registry.npmjs.org/media-typer set size:undefined disposed:false
392 silly placeDep ROOT mime-types@2.1.35 OK for: accepts@1.3.8 want: ~2.1.34
393 silly placeDep node_modules/accepts negotiator@0.6.3 OK for: accepts@1.3.8 want: 0.6.3
394 silly fetch manifest mime-db@1.52.0
395 silly packumentCache full:https://registry.npmjs.org/mime-db cache-miss
396 http fetch GET 200 https://registry.npmjs.org/mime-db 2ms (cache hit)
397 silly packumentCache full:https://registry.npmjs.org/mime-db set size:164953 disposed:false
398 silly placeDep ROOT iconv-lite@0.4.24 OK for: body-parser@1.20.8 want: ~0.4.24
399 silly placeDep ROOT raw-body@2.5.3 OK for: body-parser@1.20.8 want: ~2.5.3
400 silly placeDep ROOT unpipe@1.0.0 OK for: body-parser@1.20.8 want: ~1.0.0
401 silly fetch manifest safer-buffer@>= 2.1.2 < 3
402 silly packumentCache full:https://registry.npmjs.org/safer-buffer cache-miss
403 http fetch GET 200 https://registry.npmjs.org/safer-buffer 22ms (cache miss)
404 silly packumentCache full:https://registry.npmjs.org/safer-buffer set size:undefined disposed:false
405 silly placeDep ROOT asynckit@0.4.0 OK for: form-data@4.0.6 want: ^0.4.0
406 silly placeDep ROOT combined-stream@1.0.8 OK for: form-data@4.0.6 want: ^1.0.8
407 silly placeDep ROOT es-set-tostringtag@2.1.0 OK for: form-data@4.0.6 want: ^2.1.0
408 silly placeDep ROOT hasown@2.0.4 OK for: form-data@4.0.6 want: ^2.0.4
409 silly fetch manifest delayed-stream@~1.0.0
410 silly packumentCache full:https://registry.npmjs.org/delayed-stream cache-miss
411 http fetch GET 200 https://registry.npmjs.org/delayed-stream 27ms (cache miss)
412 silly packumentCache full:https://registry.npmjs.org/delayed-stream set size:undefined disposed:false
413 silly fetch manifest es-errors@^1.3.0
414 silly packumentCache full:https://registry.npmjs.org/es-errors cache-miss
415 http fetch GET 200 https://registry.npmjs.org/es-errors 21ms (cache miss)
416 silly packumentCache full:https://registry.npmjs.org/es-errors set size:undefined disposed:false
417 silly fetch manifest get-intrinsic@^1.2.6
418 silly packumentCache full:https://registry.npmjs.org/get-intrinsic cache-miss
419 http fetch GET 200 https://registry.npmjs.org/get-intrinsic 28ms (cache miss)
420 silly packumentCache full:https://registry.npmjs.org/get-intrinsic set size:undefined disposed:false
421 silly fetch manifest has-tostringtag@^1.0.2
422 silly packumentCache full:https://registry.npmjs.org/has-tostringtag cache-miss
423 http fetch GET 200 https://registry.npmjs.org/has-tostringtag 21ms (cache miss)
424 silly packumentCache full:https://registry.npmjs.org/has-tostringtag set size:undefined disposed:false
425 silly fetch manifest hasown@^2.0.2
426 silly packumentCache full:https://registry.npmjs.org/hasown cache-miss
427 http fetch GET 200 https://registry.npmjs.org/hasown 2ms (cache hit)
428 silly packumentCache full:https://registry.npmjs.org/hasown set size:18361 disposed:false
429 silly fetch manifest function-bind@^1.1.2
430 silly packumentCache full:https://registry.npmjs.org/function-bind cache-miss
431 http fetch GET 200 https://registry.npmjs.org/function-bind 32ms (cache miss)
432 silly packumentCache full:https://registry.npmjs.org/function-bind set size:undefined disposed:false
433 silly placeDep ROOT delayed-stream@1.0.0 OK for: combined-stream@1.0.8 want: ~1.0.0
434 silly placeDep ROOT es-errors@1.3.0 OK for: es-set-tostringtag@2.1.0 want: ^1.3.0
435 silly placeDep ROOT get-intrinsic@1.3.0 OK for: es-set-tostringtag@2.1.0 want: ^1.2.6
436 silly placeDep ROOT has-tostringtag@1.0.2 OK for: es-set-tostringtag@2.1.0 want: ^1.0.2
437 silly fetch manifest gopd@^1.2.0
438 silly packumentCache full:https://registry.npmjs.org/gopd cache-miss
439 http fetch GET 200 https://registry.npmjs.org/gopd 22ms (cache miss)
440 silly packumentCache full:https://registry.npmjs.org/gopd set size:undefined disposed:false
441 silly fetch manifest get-proto@^1.0.1
442 silly packumentCache full:https://registry.npmjs.org/get-proto cache-miss
443 http fetch GET 200 https://registry.npmjs.org/get-proto 29ms (cache miss)
444 silly packumentCache full:https://registry.npmjs.org/get-proto set size:undefined disposed:false
445 silly fetch manifest has-symbols@^1.1.0
446 silly packumentCache full:https://registry.npmjs.org/has-symbols cache-miss
447 http fetch GET 200 https://registry.npmjs.org/has-symbols 23ms (cache miss)
448 silly packumentCache full:https://registry.npmjs.org/has-symbols set size:undefined disposed:false
449 silly fetch manifest es-object-atoms@^1.1.1
450 silly packumentCache full:https://registry.npmjs.org/es-object-atoms cache-miss
451 http fetch GET 200 https://registry.npmjs.org/es-object-atoms 27ms (cache miss)
452 silly packumentCache full:https://registry.npmjs.org/es-object-atoms set size:undefined disposed:false
453 silly fetch manifest math-intrinsics@^1.1.0
454 silly packumentCache full:https://registry.npmjs.org/math-intrinsics cache-miss
455 http fetch GET 200 https://registry.npmjs.org/math-intrinsics 25ms (cache miss)
456 silly packumentCache full:https://registry.npmjs.org/math-intrinsics set size:undefined disposed:false
457 silly fetch manifest call-bind-apply-helpers@^1.0.2
458 silly packumentCache full:https://registry.npmjs.org/call-bind-apply-helpers cache-miss
459 http fetch GET 200 https://registry.npmjs.org/call-bind-apply-helpers 28ms (cache miss)
460 silly packumentCache full:https://registry.npmjs.org/call-bind-apply-helpers set size:undefined disposed:false
461 silly fetch manifest has-symbols@^1.0.3
462 silly packumentCache full:https://registry.npmjs.org/has-symbols cache-miss
463 http fetch GET 200 https://registry.npmjs.org/has-symbols 2ms (cache hit)
464 silly packumentCache full:https://registry.npmjs.org/has-symbols set size:21550 disposed:false
465 silly placeDep ROOT call-bind-apply-helpers@1.0.2 OK for: get-intrinsic@1.3.0 want: ^1.0.2
466 silly placeDep ROOT es-define-property@1.0.1 OK for: get-intrinsic@1.3.0 want: ^1.0.1
467 silly placeDep ROOT es-object-atoms@1.1.2 OK for: get-intrinsic@1.3.0 want: ^1.1.1
468 silly placeDep ROOT function-bind@1.1.2 OK for: get-intrinsic@1.3.0 want: ^1.1.2
469 silly placeDep ROOT get-proto@1.0.1 OK for: get-intrinsic@1.3.0 want: ^1.0.1
470 silly placeDep ROOT gopd@1.2.0 OK for: get-intrinsic@1.3.0 want: ^1.2.0
471 silly placeDep ROOT has-symbols@1.1.0 OK for: get-intrinsic@1.3.0 want: ^1.1.0
472 silly placeDep ROOT math-intrinsics@1.1.0 OK for: get-intrinsic@1.3.0 want: ^1.1.0
473 silly fetch manifest dunder-proto@^1.0.1
474 silly packumentCache full:https://registry.npmjs.org/dunder-proto cache-miss
475 http fetch GET 200 https://registry.npmjs.org/dunder-proto 27ms (cache miss)
476 silly packumentCache full:https://registry.npmjs.org/dunder-proto set size:undefined disposed:false
477 silly placeDep ROOT dunder-proto@1.0.1 OK for: get-proto@1.0.1 want: ^1.0.1
478 silly placeDep ROOT inherits@2.0.4 OK for: http-errors@2.0.1 want: ~2.0.4
479 silly placeDep ROOT toidentifier@1.0.1 OK for: http-errors@2.0.1 want: ~1.0.1
480 silly placeDep ROOT agent-base@6.0.2 OK for: https-proxy-agent@5.0.1 want: 6
481 silly placeDep node_modules/https-proxy-agent debug@4.4.3 OK for: https-proxy-agent@5.0.1 want: 4
482 silly fetch manifest ms@^2.1.3
483 silly packumentCache full:https://registry.npmjs.org/ms cache-hit
484 silly placeDep node_modules/agent-base debug@4.4.3 OK for: agent-base@6.0.2 want: 4
485 silly placeDep ROOT safer-buffer@2.1.2 OK for: iconv-lite@0.4.24 want: >= 2.1.2 < 3
486 silly placeDep node_modules/mime-types mime-db@1.52.0 OK for: mime-types@2.1.35 want: 1.52.0
487 silly placeDep ROOT basic-auth@2.0.1 OK for: morgan@1.12.1 want: ~2.0.1
488 silly fetch manifest safe-buffer@5.1.2
489 silly packumentCache full:https://registry.npmjs.org/safe-buffer cache-miss
490 http fetch GET 200 https://registry.npmjs.org/safe-buffer 4ms (cache hit)
491 silly packumentCache full:https://registry.npmjs.org/safe-buffer set size:41183 disposed:false
492 silly placeDep node_modules/basic-auth safe-buffer@5.1.2 OK for: basic-auth@2.0.1 want: 5.1.2
493 silly placeDep ROOT clone@2.1.2 OK for: node-cache@5.1.2 want: 2.x
494 silly placeDep ROOT ee-first@1.1.1 OK for: on-finished@2.4.1 want: 1.1.1
495 silly placeDep ROOT forwarded@0.2.0 OK for: proxy-addr@2.0.8 want: 0.2.0
496 silly placeDep ROOT ipaddr.js@1.9.1 OK for: proxy-addr@2.0.8 want: 1.9.1
497 silly placeDep ROOT side-channel@1.1.1 OK for: qs@6.16.0 want: ^1.1.1
498 silly fetch manifest object-inspect@^1.13.4
499 silly packumentCache full:https://registry.npmjs.org/object-inspect cache-miss
500 http fetch GET 200 https://registry.npmjs.org/object-inspect 30ms (cache miss)
501 silly packumentCache full:https://registry.npmjs.org/object-inspect set size:undefined disposed:false
502 silly fetch manifest side-channel-list@^1.0.1
503 silly packumentCache full:https://registry.npmjs.org/side-channel-list cache-miss
504 http fetch GET 200 https://registry.npmjs.org/side-channel-list 27ms (cache miss)
505 silly packumentCache full:https://registry.npmjs.org/side-channel-list set size:undefined disposed:false
506 silly fetch manifest side-channel-map@^1.0.1
507 silly packumentCache full:https://registry.npmjs.org/side-channel-map cache-miss
508 http fetch GET 200 https://registry.npmjs.org/side-channel-map 33ms (cache miss)
509 silly packumentCache full:https://registry.npmjs.org/side-channel-map set size:undefined disposed:false
510 silly fetch manifest side-channel-weakmap@^1.0.2
511 silly packumentCache full:https://registry.npmjs.org/side-channel-weakmap cache-miss
512 http fetch GET 200 https://registry.npmjs.org/side-channel-weakmap 26ms (cache miss)
513 silly packumentCache full:https://registry.npmjs.org/side-channel-weakmap set size:undefined disposed:false
514 silly placeDep ROOT mime@1.6.0 OK for: send@0.19.2 want: 1.6.0
515 silly placeDep node_modules/send ms@2.1.3 OK for: send@0.19.2 want: 2.1.3
516 silly placeDep ROOT object-inspect@1.13.4 OK for: side-channel@1.1.1 want: ^1.13.4
517 silly placeDep ROOT side-channel-list@1.0.1 OK for: side-channel@1.1.1 want: ^1.0.1
518 silly placeDep ROOT side-channel-map@1.0.1 OK for: side-channel@1.1.1 want: ^1.0.1
519 silly placeDep ROOT side-channel-weakmap@1.0.2 OK for: side-channel@1.1.1 want: ^1.0.2
520 silly fetch manifest call-bound@^1.0.2
521 silly packumentCache full:https://registry.npmjs.org/call-bound cache-miss
522 http fetch GET 200 https://registry.npmjs.org/call-bound 27ms (cache miss)
523 silly packumentCache full:https://registry.npmjs.org/call-bound set size:undefined disposed:false
524 silly placeDep ROOT call-bound@1.0.4 OK for: side-channel-map@1.0.1 want: ^1.0.2
525 silly placeDep ROOT media-typer@0.3.0 OK for: type-is@1.6.18 want: 0.3.0
526 silly placeDep node_modules/agent-base ms@2.1.3 OK for: debug@4.4.3 want: ^2.1.3
527 silly placeDep node_modules/https-proxy-agent ms@2.1.3 OK for: debug@4.4.3 want: ^2.1.3
528 verbose type range
529 verbose stack gtfs-realtime-bindings: No matching version found for gtfs-realtime-bindings@^1.2.0.
529 verbose stack     at module.exports (/usr/lib/node_modules/npm/node_modules/npm-pick-manifest/lib/index.js:215:23)
529 verbose stack     at RegistryFetcher.manifest (/usr/lib/node_modules/npm/node_modules/pacote/lib/registry.js:130:54)
529 verbose stack     at async #fetchManifest (/usr/lib/node_modules/npm/node_modules/@npmcli/arborist/lib/arborist/build-ideal-tree.js:1199:20)
529 verbose stack     at async #nodeFromEdge (/usr/lib/node_modules/npm/node_modules/@npmcli/arborist/lib/arborist/build-ideal-tree.js:1037:19)
529 verbose stack     at async #buildDepStep (/usr/lib/node_modules/npm/node_modules/@npmcli/arborist/lib/arborist/build-ideal-tree.js:901:11)
529 verbose stack     at async Arborist.buildIdealTree (/usr/lib/node_modules/npm/node_modules/@npmcli/arborist/lib/arborist/build-ideal-tree.js:181:7)
529 verbose stack     at async Promise.all (index 1)
529 verbose stack     at async Arborist.reify (/usr/lib/node_modules/npm/node_modules/@npmcli/arborist/lib/arborist/reify.js:131:5)
529 verbose stack     at async Install.exec (/usr/lib/node_modules/npm/lib/commands/install.js:150:5)
529 verbose stack     at async Npm.exec (/usr/lib/node_modules/npm/lib/npm.js:207:9)
530 error code ETARGET
531 error notarget No matching version found for gtfs-realtime-bindings@^1.2.0.
532 error notarget In most cases you or one of your dependencies are requesting
532 error notarget a package version that doesn't exist.
533 silly unfinished npm timer reify 1789634584484
534 silly unfinished npm timer reify:loadTrees 1789634584530
535 verbose cwd /home/user/server
536 verbose os Linux 6.1.158+
537 verbose node v20.20.2
538 verbose npm  v10.8.2
539 notice
539 notice New major version of npm available! 10.8.2 -> 12.0.2
539 notice Changelog: https://github.com/npm/cli/releases/tag/v12.0.2
539 notice To update run: npm install -g npm@12.0.2
539 notice  { force: true, [Symbol(proc-log.meta)]: true }
540 verbose exit 1
541 verbose code 1
542 error A complete log of this run can be found in: /home/user/.npm/_logs/2026-09-17T08_43_04_036Z-debug-0.log
